// Jest Snapshot v1, https://goo.gl/fbAQLP

exports[`renders correctly 1`] = `
<RNCSafeAreaProvider
  onInsetsChange={[Function]}
  style={
    Array [
      Object {
        "flex": 1,
      },
      undefined,
    ]
  }
>
  <View
    style={
      Array [
        Object {
          "flex": 1,
          "overflow": "hidden",
        },
        undefined,
      ]
    }
  >
    <View
      style={
        Array [
          Object {
            "flex": 1,
          },
          Object {
            "backgroundColor": "rgb(242, 242, 242)",
          },
        ]
      }
    >
      <View
        accessibilityElementsHidden={false}
        collapsable={false}
        importantForAccessibility="auto"
        pointerEvents="auto"
        removeClippedSubviews={false}
        style={
          Array [
            Object {
              "bottom": 0,
              "left": 0,
              "opacity": 1,
              "position": "absolute",
              "right": 0,
              "top": 0,
            },
            Object {
              "display": "flex",
            },
          ]
        }
        testID="RouteScreen: 0"
      >
        <View
          collapsable={false}
          style={
            Object {
              "flex": 1,
              "top": 0,
            }
          }
        >
          <View
            style={
              Object {
                "backgroundColor": "#fffeee",
                "flex": 1,
                "paddingHorizontal": 20,
              }
            }
            testID="AllScreen"
          >
            <View
              style={
                Object {
                  "alignItems": "center",
                  "flex": 1,
                  "justifyContent": "center",
                }
              }
              testID="emptyTask"
            >
              <Text>
                There is no task
              </Text>
            </View>
          </View>
        </View>
      </View>
    </View>
    <View
      collapsable={false}
      onLayout={[Function]}
      pointerEvents="none"
      style={
        Object {
          "backgroundColor": "#120311",
          "bottom": 0,
          "elevation": 4,
          "left": 0,
          "position": null,
          "right": 0,
          "shadowColor": "#000000",
          "shadowOffset": Object {
            "height": 3,
            "width": 0,
          },
          "shadowOpacity": 0.24,
          "shadowRadius": 4,
          "transform": Array [
            Object {
              "translateY": 0,
            },
          ],
        }
      }
    >
      <View
        collapsable={false}
        style={
          Object {
            "alignItems": "center",
            "backgroundColor": "rgba(18, 3, 17, 1)",
            "overflow": "hidden",
          }
        }
      >
        <View
          accessibilityRole="tablist"
          style={
            Array [
              Object {
                "flexDirection": "row",
              },
              Object {
                "marginBottom": 0,
                "marginHorizontal": 0,
                "maxWidth": 504,
              },
            ]
          }
        >
          <View
            collapsable={false}
            pointerEvents="none"
            style={
              Object {
                "backgroundColor": undefined,
                "borderRadius": 0,
                "height": 0,
                "left": 0,
                "opacity": 0,
                "position": "absolute",
                "top": 28,
                "transform": Array [
                  Object {
                    "scale": 0.008,
                  },
                ],
                "width": 0,
              }
            }
          />
          <View
            accessibilityRole="button"
            accessibilityState={
              Object {
                "selected": true,
              }
            }
            accessible={true}
            focusable={true}
            onClick={[Function]}
            onResponderGrant={[Function]}
            onResponderMove={[Function]}
            onResponderRelease={[Function]}
            onResponderTerminate={[Function]}
            onResponderTerminationRequest={[Function]}
            onStartShouldSetResponder={[Function]}
            style={
              Object {
                "flex": 1,
                "paddingVertical": 6,
              }
            }
            testID="AllBtn"
          >
            <View
              pointerEvents="none"
            >
              <View
                collapsable={false}
                style={
                  Object {
                    "alignSelf": "center",
                    "height": 24,
                    "marginHorizontal": 12,
                    "marginTop": 2,
                    "transform": Array [
                      Object {
                        "translateY": 0,
                      },
                    ],
                    "width": 24,
                  }
                }
              >
                <View
                  collapsable={false}
                  style={
                    Object {
                      "alignItems": "center",
                      "bottom": 0,
                      "left": 0,
                      "opacity": 1,
                      "position": "absolute",
                      "right": 0,
                      "top": 0,
                    }
                  }
                >
                  <Text />
                </View>
                <View
                  collapsable={false}
                  style={
                    Object {
                      "alignItems": "center",
                      "bottom": 0,
                      "left": 0,
                      "opacity": 0,
                      "position": "absolute",
                      "right": 0,
                      "top": 0,
                    }
                  }
                >
                  <Text />
                </View>
                <View
                  style={
                    Array [
                      Object {
                        "left": 0,
                        "position": "absolute",
                        "top": -2,
                      },
                      Object {
                        "right": -2,
                      },
                    ]
                  }
                >
                  <Text
                    collapsable={false}
                    numberOfLines={1}
                    style={
                      Object {
                        "alignSelf": "flex-end",
                        "backgroundColor": "#f50057",
                        "borderRadius": 8,
                        "color": "#ffffff",
                        "fontFamily": "System",
                        "fontSize": 8,
                        "fontWeight": "400",
                        "height": 16,
                        "lineHeight": 16,
                        "minWidth": 16,
                        "opacity": 0,
                        "overflow": "hidden",
                        "paddingHorizontal": 4,
                        "textAlign": "center",
                        "textAlignVertical": "center",
                      }
                    }
                  />
                </View>
              </View>
              <View
                collapsable={false}
                style={
                  Object {
                    "height": 16,
                    "paddingBottom": 2,
                    "transform": Array [
                      Object {
                        "scale": 1,
                      },
                    ],
                  }
                }
              >
                <View
                  collapsable={false}
                  style={
                    Object {
                      "bottom": 0,
                      "left": 0,
                      "opacity": 1,
                      "position": "absolute",
                      "right": 0,
                      "top": 0,
                    }
                  }
                >
                  <Text
                    maxFontSizeMultiplier={1}
                    style={
                      Array [
                        Object {
                          "color": "#000000",
                          "fontFamily": "System",
                          "fontWeight": "400",
                        },
                        Object {
                          "textAlign": "left",
                        },
                        Array [
                          Object {
                            "backgroundColor": "transparent",
                            "fontSize": 12,
                            "height": 56,
                            "textAlign": "center",
                          },
                          Object {
                            "color": "#f0edf6",
                          },
                        ],
                      ]
                    }
                  >
                    All
                  </Text>
                </View>
              </View>
            </View>
          </View>
          <View
            accessibilityRole="button"
            accessibilityState={
              Object {
                "selected": false,
              }
            }
            accessible={true}
            focusable={true}
            onClick={[Function]}
            onResponderGrant={[Function]}
            onResponderMove={[Function]}
            onResponderRelease={[Function]}
            onResponderTerminate={[Function]}
            onResponderTerminationRequest={[Function]}
            onStartShouldSetResponder={[Function]}
            style={
              Object {
                "flex": 1,
                "paddingVertical": 6,
              }
            }
            testID="CompleteBtn"
          >
            <View
              pointerEvents="none"
            >
              <View
                collapsable={false}
                style={
                  Object {
                    "alignSelf": "center",
                    "height": 24,
                    "marginHorizontal": 12,
                    "marginTop": 2,
                    "transform": Array [
                      Object {
                        "translateY": 7,
                      },
                    ],
                    "width": 24,
                  }
                }
              >
                <View
                  collapsable={false}
                  style={
                    Object {
                      "alignItems": "center",
                      "bottom": 0,
                      "left": 0,
                      "opacity": 0,
                      "position": "absolute",
                      "right": 0,
                      "top": 0,
                    }
                  }
                >
                  <Text />
                </View>
                <View
                  collapsable={false}
                  style={
                    Object {
                      "alignItems": "center",
                      "bottom": 0,
                      "left": 0,
                      "opacity": 1,
                      "position": "absolute",
                      "right": 0,
                      "top": 0,
                    }
                  }
                >
                  <Text />
                </View>
                <View
                  style={
                    Array [
                      Object {
                        "left": 0,
                        "position": "absolute",
                        "top": -2,
                      },
                      Object {
                        "right": -2,
                      },
                    ]
                  }
                >
                  <Text
                    collapsable={false}
                    numberOfLines={1}
                    style={
                      Object {
                        "alignSelf": "flex-end",
                        "backgroundColor": "#f50057",
                        "borderRadius": 8,
                        "color": "#ffffff",
                        "fontFamily": "System",
                        "fontSize": 8,
                        "fontWeight": "400",
                        "height": 16,
                        "lineHeight": 16,
                        "minWidth": 16,
                        "opacity": 0,
                        "overflow": "hidden",
                        "paddingHorizontal": 4,
                        "textAlign": "center",
                        "textAlignVertical": "center",
                      }
                    }
                  />
                </View>
              </View>
              <View
                collapsable={false}
                style={
                  Object {
                    "height": 16,
                    "paddingBottom": 2,
                    "transform": Array [
                      Object {
                        "scale": 0.5,
                      },
                    ],
                  }
                }
              >
                <View
                  collapsable={false}
                  style={
                    Object {
                      "bottom": 0,
                      "left": 0,
                      "opacity": 0,
                      "position": "absolute",
                      "right": 0,
                      "top": 0,
                    }
                  }
                >
                  <Text
                    maxFontSizeMultiplier={1}
                    style={
                      Array [
                        Object {
                          "color": "#000000",
                          "fontFamily": "System",
                          "fontWeight": "400",
                        },
                        Object {
                          "textAlign": "left",
                        },
                        Array [
                          Object {
                            "backgroundColor": "transparent",
                            "fontSize": 12,
                            "height": 56,
                            "textAlign": "center",
                          },
                          Object {
                            "color": "#f0edf6",
                          },
                        ],
                      ]
                    }
                  >
                    Completed
                  </Text>
                </View>
              </View>
            </View>
          </View>
          <View
            accessibilityRole="button"
            accessibilityState={
              Object {
                "selected": false,
              }
            }
            accessible={true}
            focusable={true}
            onClick={[Function]}
            onResponderGrant={[Function]}
            onResponderMove={[Function]}
            onResponderRelease={[Function]}
            onResponderTerminate={[Function]}
            onResponderTerminationRequest={[Function]}
            onStartShouldSetResponder={[Function]}
            style={
              Object {
                "flex": 1,
                "paddingVertical": 6,
              }
            }
            testID="IncompleteBtn"
          >
            <View
              pointerEvents="none"
            >
              <View
                collapsable={false}
                style={
                  Object {
                    "alignSelf": "center",
                    "height": 24,
                    "marginHorizontal": 12,
                    "marginTop": 2,
                    "transform": Array [
                      Object {
                        "translateY": 7,
                      },
                    ],
                    "width": 24,
                  }
                }
              >
                <View
                  collapsable={false}
                  style={
                    Object {
                      "alignItems": "center",
                      "bottom": 0,
                      "left": 0,
                      "opacity": 0,
                      "position": "absolute",
                      "right": 0,
                      "top": 0,
                    }
                  }
                >
                  <Text />
                </View>
                <View
                  collapsable={false}
                  style={
                    Object {
                      "alignItems": "center",
                      "bottom": 0,
                      "left": 0,
                      "opacity": 1,
                      "position": "absolute",
                      "right": 0,
                      "top": 0,
                    }
                  }
                >
                  <Text />
                </View>
                <View
                  style={
                    Array [
                      Object {
                        "left": 0,
                        "position": "absolute",
                        "top": -2,
                      },
                      Object {
                        "right": -2,
                      },
                    ]
                  }
                >
                  <Text
                    collapsable={false}
                    numberOfLines={1}
                    style={
                      Object {
                        "alignSelf": "flex-end",
                        "backgroundColor": "#f50057",
                        "borderRadius": 8,
                        "color": "#ffffff",
                        "fontFamily": "System",
                        "fontSize": 8,
                        "fontWeight": "400",
                        "height": 16,
                        "lineHeight": 16,
                        "minWidth": 16,
                        "opacity": 0,
                        "overflow": "hidden",
                        "paddingHorizontal": 4,
                        "textAlign": "center",
                        "textAlignVertical": "center",
                      }
                    }
                  />
                </View>
              </View>
              <View
                collapsable={false}
                style={
                  Object {
                    "height": 16,
                    "paddingBottom": 2,
                    "transform": Array [
                      Object {
                        "scale": 0.5,
                      },
                    ],
                  }
                }
              >
                <View
                  collapsable={false}
                  style={
                    Object {
                      "bottom": 0,
                      "left": 0,
                      "opacity": 0,
                      "position": "absolute",
                      "right": 0,
                      "top": 0,
                    }
                  }
                >
                  <Text
                    maxFontSizeMultiplier={1}
                    style={
                      Array [
                        Object {
                          "color": "#000000",
                          "fontFamily": "System",
                          "fontWeight": "400",
                        },
                        Object {
                          "textAlign": "left",
                        },
                        Array [
                          Object {
                            "backgroundColor": "transparent",
                            "fontSize": 12,
                            "height": 56,
                            "textAlign": "center",
                          },
                          Object {
                            "color": "#f0edf6",
                          },
                        ],
                      ]
                    }
                  >
                    Incomplete
                  </Text>
                </View>
              </View>
            </View>
          </View>
        </View>
      </View>
    </View>
  </View>
</RNCSafeAreaProvider>
`;
