// Jest Snapshot v1, https://goo.gl/fbAQLP

exports[`renders correctly 1`] = `
<View
  style={
    Object {
      "backgroundColor": "#fffeee",
      "flex": 1,
      "paddingHorizontal": 20,
    }
  }
  testID="TaskCon"
/>
`;
